[    0.000000] Linux version 4.15.0-212-generic (buildd@lcy02-amd64-083) (gcc version 7.5.0 (Ubuntu 7.5.0-3ubuntu1~18.04)) #223-Ubuntu SMP Tue May 23 13:09:22 UTC 2023 (Ubuntu 4.15.0-212.223-generic 4.15.18)
[    0.000000] Command line: BOOT_IMAGE=/boot/vmlinuz-4.15.0-212-generic root=LABEL=cloudimg-rootfs ro console=tty1 console=ttyS0
[    0.000000] KERNEL supported cpus:
[    0.000000]   Intel GenuineIntel
[    0.000000]   AMD AuthenticAMD
[    0.000000]   Centaur CentaurHauls
[    0.000000] x86/fpu: x87 FPU will use FXSAVE
[    0.000000] e820: BIOS-provided physical RAM map:
[    0.000000] BIOS-e820: [mem 0x0000000000000000-0x000000000009fbff] usable
[    0.000000] BIOS-e820: [mem 0x000000000009fc00-0x000000000009ffff] reserved
[    0.000000] BIOS-e820: [mem 0x00000000000f0000-0x00000000000fffff] reserved
[    0.000000] BIOS-e820: [mem 0x0000000000100000-0x000000007ffeffff] usable
[    0.000000] BIOS-e820: [mem 0x000000007fff0000-0x000000007fffffff] ACPI data
[    0.000000] BIOS-e820: [mem 0x00000000fec00000-0x00000000fec00fff] reserved
[    0.000000] BIOS-e820: [mem 0x00000000fee00000-0x00000000fee00fff] reserved
[    0.000000] BIOS-e820: [mem 0x00000000fffc0000-0x00000000ffffffff] reserved
[    0.000000] NX (Execute Disable) protection: active
[    0.000000] SMBIOS 2.5 present.
[    0.000000] DMI: innotek GmbH VirtualBox/VirtualBox, BIOS VirtualBox 12/01/2006
[    0.000000] Hypervisor detected: KVM
[    0.000000] e820: last_pfn = 0x7fff0 max_arch_pfn = 0x400000000
[    0.000000] MTRR: Disabled
[    0.000000] x86/PAT: MTRRs disabled, skipping PAT initialization too.
[    0.000000] CPU MTRRs all blank - virtualized system.
[    0.000000] x86/PAT: Configuration [0-7]: WB  WT  UC- UC  WB  WT  UC- UC  
[    0.000000] found SMP MP-table at [mem 0x0009fff0-0x0009ffff]
[    0.000000] Scanning 1 areas for low memory corruption
[    0.000000] RAMDISK: [mem 0x359cb000-0x36cdcfff]
[    0.000000] ACPI: Early table checksum verification disabled
[    0.000000] ACPI: RSDP 0x00000000000E0000 000024 (v02 VBOX  )
[    0.000000] ACPI: XSDT 0x000000007FFF0030 00003C (v01 VBOX   VBOXXSDT 00000001 ASL  00000061)
[    0.000000] ACPI: FACP 0x000000007FFF00F0 0000F4 (v04 VBOX   VBOXFACP 00000001 ASL  00000061)
[    0.000000] ACPI: DSDT 0x000000007FFF0610 002353 (v02 VBOX   VBOXBIOS 00000002 INTL 20200925)
[    0.000000] ACPI: FACS 0x000000007FFF0200 000040
[    0.000000] ACPI: FACS 0x000000007FFF0200 000040
[    0.000000] ACPI: APIC 0x000000007FFF0240 00005C (v02 VBOX   VBOXAPIC 00000001 ASL  00000061)
[    0.000000] ACPI: SSDT 0x000000007FFF02A0 00036C (v01 VBOX   VBOXCPUT 00000002 INTL 20200925)
[    0.000000] ACPI: Reserving FACP table memory at [mem 0x7fff00f0-0x7fff01e3]
[    0.000000] ACPI: Reserving DSDT table memory at [mem 0x7fff0610-0x7fff2962]
[    0.000000] ACPI: Reserving FACS table memory at [mem 0x7fff0200-0x7fff023f]
[    0.000000] ACPI: Reserving FACS table memory at [mem 0x7fff0200-0x7fff023f]
[    0.000000] ACPI: Reserving APIC table memory at [mem 0x7fff0240-0x7fff029b]
[    0.000000] ACPI: Reserving SSDT table memory at [mem 0x7fff02a0-0x7fff060b]
[    0.000000] No NUMA configuration found
[    0.000000] Faking a node at [mem 0x0000000000000000-0x000000007ffeffff]
[    0.000000] NODE_DATA(0) allocated [mem 0x7ffc5000-0x7ffeffff]
[    0.000000] kvm-clock: cpu 0, msr 0:7ff44001, primary cpu clock
[    0.000000] kvm-clock: Using msrs 4b564d01 and 4b564d00
[    0.000000] kvm-clock: using sched offset of 21954442467 cycles
[    0.000000] clocksource: kvm-clock: mask: 0xffffffffffffffff max_cycles: 0x1cd42e4dffb, max_idle_ns: 881590591483 ns
[    0.000000] Zone ranges:
[    0.000000]   DMA      [mem 0x0000000000001000-0x0000000000ffffff]
[    0.000000]   DMA32    [mem 0x0000000001000000-0x000000007ffeffff]
[    0.000000]   Normal   empty
[    0.000000]   Device   empty
[    0.000000] Movable zone start for each node
[    0.000000] Early memory node ranges
[    0.000000]   node   0: [mem 0x0000000000001000-0x000000000009efff]
[    0.000000]   node   0: [mem 0x0000000000100000-0x000000007ffeffff]
[    0.000000] Reserved but unavailable: 104 pages
[    0.000000] Initmem setup node 0 [mem 0x0000000000001000-0x000000007ffeffff]
[    0.000000] ACPI: PM-Timer IO Port: 0x4008
[    0.000000] IOAPIC[0]: apic_id 2, version 32, address 0xfec00000, GSI 0-23
[    0.000000] ACPI: INT_SRC_OVR (bus 0 bus_irq 0 global_irq 2 dfl dfl)
[    0.000000] ACPI: INT_SRC_OVR (bus 0 bus_irq 9 global_irq 9 low level)
[    0.000000] Using ACPI (MADT) for SMP configuration information
[    0.000000] smpboot: Allowing 2 CPUs, 0 hotplug CPUs
[    0.000000] PM: Registered nosave memory: [mem 0x00000000-0x00000fff]
[    0.000000] PM: Registered nosave memory: [mem 0x0009f000-0x0009ffff]
[    0.000000] PM: Registered nosave memory: [mem 0x000a0000-0x000effff]
[    0.000000] PM: Registered nosave memory: [mem 0x000f0000-0x000fffff]
[    0.000000] e820: [mem 0x80000000-0xfebfffff] available for PCI devices
[    0.000000] Booting paravirtualized kernel on KVM
[    0.000000] clocksource: refined-jiffies: mask: 0xffffffff max_cycles: 0xffffffff, max_idle_ns: 7645519600211568 ns
[    0.000000] setup_percpu: NR_CPUS:8192 nr_cpumask_bits:2 nr_cpu_ids:2 nr_node_ids:1
[    0.000000] percpu: Embedded 50 pages/cpu s167936 r8192 d28672 u1048576
[    0.000000] PV qspinlock hash table entries: 256 (order: 0, 4096 bytes)
[    0.000000] Built 1 zonelists, mobility grouping on.  Total pages: 515961
[    0.000000] Policy zone: DMA32
[    0.000000] Kernel command line: BOOT_IMAGE=/boot/vmlinuz-4.15.0-212-generic root=LABEL=cloudimg-rootfs ro console=tty1 console=ttyS0
[    0.000000] Memory: 2014836K/2096696K available (12300K kernel code, 2477K rwdata, 4324K rodata, 2480K init, 2720K bss, 81860K reserved, 0K cma-reserved)
[    0.000000] SLUB: HWalign=64, Order=0-3, MinObjects=0, CPUs=2, Nodes=1
[    0.000000] Kernel/User page tables isolation: enabled
[    0.000000] ftrace: allocating 39508 entries in 155 pages
[    0.004000] Hierarchical RCU implementation.
[    0.004000] 	RCU restricting CPUs from NR_CPUS=8192 to nr_cpu_ids=2.
[    0.004000] 	Tasks RCU enabled.
[    0.004000] RCU: Adjusting geometry for rcu_fanout_leaf=16, nr_cpu_ids=2
[    0.004000] NR_IRQS: 524544, nr_irqs: 440, preallocated irqs: 16
[    0.004000] Console: colour VGA+ 80x25
[    0.004000] console [tty1] enabled
[    0.004000] console [ttyS0] enabled
[    0.004000] ACPI: Core revision 20170831
[    0.004000] ACPI: 2 ACPI AML tables successfully acquired and loaded
[    0.004000] APIC: Switch to symmetric I/O mode setup
[    0.004000] x2apic enabled
[    0.004000] Switched APIC routing to physical x2apic.
[    0.004000] ..TIMER: vector=0x30 apic1=0 pin1=2 apic2=-1 pin2=-1
[    0.004000] tsc: Detected 3230.914 MHz processor
[    0.004000] Calibrating delay loop (skipped) preset value.. 6461.82 BogoMIPS (lpj=12923656)
[    0.004000] pid_max: default: 32768 minimum: 301
[    0.004000] Security Framework initialized
[    0.004000] Yama: becoming mindful.
[    0.004000] AppArmor: AppArmor initialized
[    0.004000] Dentry cache hash table entries: 262144 (order: 9, 2097152 bytes)
[    0.004000] Inode-cache hash table entries: 131072 (order: 8, 1048576 bytes)
[    0.004000] Mount-cache hash table entries: 4096 (order: 3, 32768 bytes)
[    0.004000] Mountpoint-cache hash table entries: 4096 (order: 3, 32768 bytes)
[    0.004000] Last level iTLB entries: 4KB 512, 2MB 7, 4MB 7
[    0.004006] Last level dTLB entries: 4KB 512, 2MB 32, 4MB 32, 1GB 0
[    0.005076] Spectre V1 : Mitigation: usercopy/swapgs barriers and __user pointer sanitization
[    0.008004] Spectre V2 : Mitigation: Retpolines
[    0.008734] Spectre V2 : Spectre v2 / SpectreRSB mitigation: Filling RSB on context switch
[    0.010060] Spectre V2 : Spectre v2 / SpectreRSB : Filling RSB on VMEXIT
[    0.012002] Speculative Store Bypass: Vulnerable
[    0.012845] MDS: Vulnerable: Clear CPU buffers attempted, no microcode
[    0.013899] MMIO Stale Data: Unknown: No mitigations
[    0.014873] Freeing SMP alternatives memory: 36K
[    0.132724] APIC calibration not consistent with PM-Timer: 101ms instead of 100ms
[    0.134028] APIC delta adjusted to PM-Timer: 6281003 (6352420)
[    0.135396] smpboot: CPU0: Intel(R) Xeon(R) CPU           W3565  @ 3.20GHz (family: 0x6, model: 0x1a, stepping: 0x5)
[    0.136000] Performance Events: unsupported p6 CPU model 26 no PMU driver, software events only.
[    0.136000] Hierarchical SRCU implementation.
[    0.136532] NMI watchdog: Perf event create on CPU 0 failed with -2
[    0.137596] NMI watchdog: Perf NMI watchdog permanently disabled
[    0.138563] smp: Bringing up secondary CPUs ...
[    0.140113] x86: Booting SMP configuration:
[    0.140823] .... node  #0, CPUs:      #1
[    0.004000] kvm-clock: cpu 1, msr 0:7ff44041, secondary cpu clock
[    0.144020] smp: Brought up 1 node, 2 CPUs
[    0.144794] smpboot: Max logical packages: 1
[    0.145532] smpboot: Total of 2 processors activated (12923.65 BogoMIPS)
[    0.148118] devtmpfs: initialized
[    0.148697] x86/mm: Memory block size: 128MB
[    0.149702] evm: security.selinux
[    0.150305] evm: security.SMACK64
[    0.150893] evm: security.SMACK64EXEC
[    0.151525] evm: security.SMACK64TRANSMUTE
[    0.152003] evm: security.SMACK64MMAP
[    0.152641] evm: security.apparmor
[    0.153298] evm: security.ima
[    0.153835] evm: security.capability
[    0.154480] clocksource: jiffies: mask: 0xffffffff max_cycles: 0xffffffff, max_idle_ns: 7645041785100000 ns
[    0.156009] futex hash table entries: 512 (order: 3, 32768 bytes)
[    0.157042] pinctrl core: initialized pinctrl subsystem
[    0.158082] RTC time: 10:36:17, date: 09/05/23
[    0.159153] NET: Registered protocol family 16
[    0.160085] audit: initializing netlink subsys (disabled)
[    0.161169] audit: type=2000 audit(1693910200.467:1): state=initialized audit_enabled=0 res=1
[    0.161455] cpuidle: using governor ladder
[    0.164013] cpuidle: using governor menu
[    0.164731] ACPI: bus type PCI registered
[    0.165530] acpiphp: ACPI Hot Plug PCI Controller Driver version: 0.5
[    0.166687] PCI: Using configuration type 1 for base access
[    0.169029] HugeTLB registered 2.00 MiB page size, pre-allocated 0 pages
[    0.169119] ACPI: Added _OSI(Module Device)
[    0.169119] ACPI: Added _OSI(Processor Device)
[    0.172011] ACPI: Added _OSI(3.0 _SCP Extensions)
[    0.172850] ACPI: Added _OSI(Processor Aggregator Device)
[    0.173740] ACPI: Added _OSI(Linux-Dell-Video)
[    0.174520] ACPI: Added _OSI(Linux-Lenovo-NV-HDMI-Audio)
[    0.176003] ACPI: Added _OSI(Linux-HPI-Hybrid-Graphics)
[    0.177126] ACPI: Executed 1 blocks of module-level executable AML code
[    0.181580] ACPI: Interpreter enabled
[    0.182234] ACPI: (supports S0 S5)
[    0.182866] ACPI: Using IOAPIC for interrupt routing
[    0.183918] PCI: Using host bridge windows from ACPI; if necessary, use "pci=nocrs" and report a bug
[    0.184167] ACPI: Enabled 2 GPEs in block 00 to 07
[    0.193478] ACPI: PCI Root Bridge [PCI0] (domain 0000 [bus 00-ff])
[    0.194499] acpi PNP0A03:00: _OSC: OS supports [ASPM ClockPM Segments MSI]
[    0.196000] acpi PNP0A03:00: _OSC: not requesting OS control; OS requires [ExtendedConfig ASPM ClockPM MSI]
[    0.196013] acpi PNP0A03:00: fail to add MMCONFIG information, can't access extended PCI configuration space under this bridge.
[    0.198258] PCI host bridge to bus 0000:00
[    0.200004] pci_bus 0000:00: root bus resource [io  0x0000-0x0cf7 window]
[    0.201084] pci_bus 0000:00: root bus resource [io  0x0d00-0xffff window]
[    0.202152] pci_bus 0000:00: root bus resource [mem 0x000a0000-0x000bffff window]
[    0.203319] pci_bus 0000:00: root bus resource [mem 0x80000000-0xfdffffff window]
[    0.204004] pci_bus 0000:00: root bus resource [bus 00-ff]
[    0.206715] pci 0000:00:01.1: legacy IDE quirk: reg 0x10: [io  0x01f0-0x01f7]
[    0.208005] pci 0000:00:01.1: legacy IDE quirk: reg 0x14: [io  0x03f6]
[    0.209085] pci 0000:00:01.1: legacy IDE quirk: reg 0x18: [io  0x0170-0x0177]
[    0.210257] pci 0000:00:01.1: legacy IDE quirk: reg 0x1c: [io  0x0376]
[    0.245620] pci 0000:00:07.0: quirk: [io  0x4000-0x403f] claimed by PIIX4 ACPI
[    0.246913] pci 0000:00:07.0: quirk: [io  0x4100-0x410f] claimed by PIIX4 SMB
[    0.271115] ACPI: PCI Interrupt Link [LNKA] (IRQs 5 9 10 *11)
[    0.272359] ACPI: PCI Interrupt Link [LNKB] (IRQs 5 9 *10 11)
[    0.273412] ACPI: PCI Interrupt Link [LNKC] (IRQs 5 *9 10 11)
[    0.274461] ACPI: PCI Interrupt Link [LNKD] (IRQs 5 9 10 *11)
[    0.276320] SCSI subsystem initialized
[    0.277106] pci 0000:00:02.0: vgaarb: setting as boot VGA device
[    0.277106] pci 0000:00:02.0: vgaarb: VGA device added: decodes=io+mem,owns=io+mem,locks=none
[    0.278450] pci 0000:00:02.0: vgaarb: bridge control possible
[    0.280009] vgaarb: loaded
[    0.280608] ACPI: bus type USB registered
[    0.281424] usbcore: registered new interface driver usbfs
[    0.282363] usbcore: registered new interface driver hub
[    0.284018] usbcore: registered new device driver usb
[    0.284997] EDAC MC: Ver: 3.0.0
[    0.284997] PCI: Using ACPI for IRQ routing
[    0.285046] NetLabel: Initializing
[    0.288008] NetLabel:  domain hash size = 128
[    0.288699] NetLabel:  protocols = UNLABELED CIPSOv4 CALIPSO
[    0.289629] NetLabel:  unlabeled traffic allowed by default
[    0.290612] clocksource: Switched to clocksource kvm-clock
[    0.305907] VFS: Disk quotas dquot_6.6.0
[    0.306714] VFS: Dquot-cache hash table entries: 512 (order 0, 4096 bytes)
[    0.308047] AppArmor: AppArmor Filesystem Enabled
[    0.308968] pnp: PnP ACPI init
[    0.310674] pnp: PnP ACPI: found 3 devices
[    0.320711] clocksource: acpi_pm: mask: 0xffffff max_cycles: 0xffffff, max_idle_ns: 2085701024 ns
[    0.323137] NET: Registered protocol family 2
[    0.324104] IP idents hash table entries: 32768 (order: 6, 262144 bytes)
[    0.325720] TCP established hash table entries: 16384 (order: 5, 131072 bytes)
[    0.327138] TCP bind hash table entries: 16384 (order: 6, 262144 bytes)
[    0.329325] TCP: Hash tables configured (established 16384 bind 16384)
[    0.332029] UDP hash table entries: 1024 (order: 3, 32768 bytes)
[    0.332381] UDP-Lite hash table entries: 1024 (order: 3, 32768 bytes)
[    0.332381] NET: Registered protocol family 1
[    0.332381] pci 0000:00:00.0: Limiting direct PCI/PCI transfers
[    0.332381] pci 0000:00:01.0: Activating ISA DMA hang workarounds
[    0.332381] pci 0000:00:02.0: Video device with shadowed ROM at [mem 0x000c0000-0x000dffff]
[    0.332381] Unpacking initramfs...
[    0.332381] Freeing initrd memory: 19528K
[    0.332381] clocksource: tsc: mask: 0xffffffffffffffff max_cycles: 0x2e925d88c3b, max_idle_ns: 440795313831 ns
[    0.332381] platform rtc_cmos: registered platform RTC device (no PNP device found)
[    0.332381] Scanning for low memory corruption every 60 seconds
[    0.671032] Initialise system trusted keyrings
[    0.671870] Key type blacklist registered
[    0.672611] workingset: timestamp_bits=36 max_order=19 bucket_order=0
[    0.674656] zbud: loaded
[    0.675731] squashfs: version 4.0 (2009/01/31) Phillip Lougher
[    0.677078] fuse init (API version 7.26)
[    0.680549] Key type asymmetric registered
[    0.681248] Asymmetric key parser 'x509' registered
[    0.682066] Block layer SCSI generic (bsg) driver version 0.4 loaded (major 246)
[    0.683287] io scheduler noop registered
[    0.683917] io scheduler deadline registered
[    0.684639] io scheduler cfq registered (default)
[    0.685739] ACPI: AC Adapter [AC] (on-line)
[    0.686558] input: Power Button as /devices/LNXSYSTM:00/LNXPWRBN:00/input/input0
[    0.687899] ACPI: Power Button [PWRF]
[    0.688633] input: Sleep Button as /devices/LNXSYSTM:00/LNXSLPBN:00/input/input1
[    0.689930] ACPI: Sleep Button [SLPF]
[    0.691068] Serial: 8250/16550 driver, 32 ports, IRQ sharing enabled
[    0.712698] 00:02: ttyS0 at I/O 0x3f8 (irq = 4, base_baud = 115200) is a 16550A
[    0.718545] Linux agpgart interface v0.103
[    0.721681] loop: module loaded
[    0.723138] scsi host0: ata_piix
[    0.724084] scsi host1: ata_piix
[    0.724705] ata1: PATA max UDMA/33 cmd 0x1f0 ctl 0x3f6 bmdma 0xd000 irq 14
[    0.725786] ata2: PATA max UDMA/33 cmd 0x170 ctl 0x376 bmdma 0xd008 irq 15
[    0.727157] tun: Universal TUN/TAP device driver, 1.6
[    0.728212] PPP generic driver version 2.4.2
[    0.729150] ehci_hcd: USB 2.0 'Enhanced' Host Controller (EHCI) Driver
[    0.730329] ehci-pci: EHCI PCI platform driver
[    0.731152] ehci-platform: EHCI generic platform driver
[    0.732236] ohci_hcd: USB 1.1 'Open' Host Controller (OHCI) Driver
[    0.733243] ohci-pci: OHCI PCI platform driver
[    0.734008] ohci-platform: OHCI generic platform driver
[    0.734971] uhci_hcd: USB Universal Host Controller Interface driver
[    0.735981] i8042: PNP: PS/2 Controller [PNP0303:PS2K,PNP0f03:PS2M] at 0x60,0x64 irq 1,12
[    0.737819] serio: i8042 KBD port at 0x60,0x64 irq 1
[    0.738641] serio: i8042 AUX port at 0x60,0x64 irq 12
[    0.739846] mousedev: PS/2 mouse device common for all mice
[    0.741850] input: AT Translated Set 2 keyboard as /devices/platform/i8042/serio0/input/input2
[    0.743279] rtc_cmos rtc_cmos: rtc core: registered rtc_cmos as rtc0
[    0.744569] rtc_cmos rtc_cmos: alarms up to one day, 114 bytes nvram
[    0.745641] i2c /dev entries driver
[    0.746317] device-mapper: uevent: version 1.0.3
[    0.747320] device-mapper: ioctl: 4.37.0-ioctl (2017-09-20) initialised: dm-devel@redhat.com
[    0.748980] ledtrig-cpu: registered to indicate activity on CPUs
[    0.750907] NET: Registered protocol family 10
[    0.757583] Segment Routing with IPv6
[    0.758293] NET: Registered protocol family 17
[    0.759381] Key type dns_resolver registered
[    0.760372] mce: Using 0 MCE banks
[    0.761037] RAS: Correctable Errors collector initialized.
[    0.761965] sched_clock: Marking stable (760342248, 0)->(921213483, -160871235)
[    0.763595] registered taskstats version 1
[    0.764377] Loading compiled-in X.509 certificates
[    0.768095] Loaded X.509 cert 'Build time autogenerated kernel key: b5b26778eaa3ab3a4a6cee031137706e947d12ad'
[    0.770686] Loaded X.509 cert 'Canonical Ltd. Live Patch Signing: 14df34d1a87cf37625abec039ef2bf521249b969'
[    0.773110] Loaded X.509 cert 'Canonical Ltd. Kernel Module Signing: 88f752e560a1e0737e31163a466ad7b70a850c19'
[    0.776422] blacklist: Loading compiled-in revocation X.509 certificates
[    0.777605] Loaded X.509 cert 'Canonical Ltd. Secure Boot Signing: 61482aa2830d0ab2ad5af10b7250da9033ddcef0'
[    0.779304] Loaded X.509 cert 'Canonical Ltd. Secure Boot Signing (2017): 242ade75ac4a15e50d50c84b0d45ff3eae707a03'
[    0.787811] Loaded X.509 cert 'Canonical Ltd. Secure Boot Signing (ESM 2018): 365188c1d374d6b07c3c8f240f8ef722433d6a8b'
[    0.789681] Loaded X.509 cert 'Canonical Ltd. Secure Boot Signing (2019): c0746fd6c5da3ae827864651ad66ae47fe24b3e8'
[    0.791401] Loaded X.509 cert 'Canonical Ltd. Secure Boot Signing (2021 v1): a8d54bbb3825cfb94fa13c9f8a594a195c107b8d'
[    0.793341] Loaded X.509 cert 'Canonical Ltd. Secure Boot Signing (2021 v2): 4cf046892d6fd3c9a5b03f98d845f90851dc6a8c'
[    0.795109] Loaded X.509 cert 'Canonical Ltd. Secure Boot Signing (2021 v3): 100437bb6de6e469b581e61cd66bce3ef4ed53af'
[    0.796926] Loaded X.509 cert 'Canonical Ltd. Secure Boot Signing (Ubuntu Core 2019): c1d57b8f6b743f23ee41f4f7ee292f06eecadfb9'
[    0.798731] zswap: loaded using pool lzo/zbud
[    0.803898] Key type big_key registered
[    0.804733] Key type trusted registered
[    0.807463] Key type encrypted registered
[    0.808486] AppArmor: AppArmor sha1 policy hashing enabled
[    0.809408] ima: No TPM chip found, activating TPM-bypass! (rc=-19)
[    0.810426] ima: Allocated hash algorithm: sha1
[    0.811158] evm: HMAC attrs: 0x1
[    0.812091]   Magic number: 7:35:628
[    0.812834] rtc_cmos rtc_cmos: setting system clock to 2023-09-05 10:36:17 UTC (1693910177)
[    0.814262] BIOS EDD facility v0.16 2004-Jun-25, 0 devices found
[    0.815499] EDD information not available.
[    0.909126] Freeing unused kernel image memory: 2480K
[    1.139892] Write protecting the kernel read-only data: 20480k
[    1.142447] Freeing unused kernel image memory: 2008K
[    1.144198] Freeing unused kernel image memory: 1820K
[    1.156758] x86/mm: Checked W+X mappings: passed, no W+X pages found.
[    1.158466] x86/mm: Checking user space page tables
[    1.170478] x86/mm: Checked W+X mappings: passed, no W+X pages found.
Loading, please wait...
starting version 237
[    1.292957] Fusion MPT base driver 3.04.20
[    1.293947] Copyright (c) 1999-2008 LSI Corporation
[    1.298138] e1000: Intel(R) PRO/1000 Network Driver - version 7.3.21-k8-NAPI
[    1.299461] e1000: Copyright (c) 1999-2006 Intel Corporation.
[    1.337047] Fusion MPT SPI Host driver 3.04.20
[    1.857143] input: ImExPS/2 Generic Explorer Mouse as /devices/platform/i8042/serio1/input/input4
[    1.890970] e1000 0000:00:03.0 eth0: (PCI:33MHz:32-bit) 02:3b:7b:b7:3b:2d
[    1.892723] e1000 0000:00:03.0 eth0: Intel(R) PRO/1000 Network Connection
[    1.896838] mptbase: ioc0: Initiating bringup
[    2.004265] ioc0: LSI53C1030 A0: Capabilities={Initiator}
[    2.249297] scsi host2: ioc0: LSI53C1030 A0, FwRev=00000000h, Ports=1, MaxQ=256, IRQ=20
[    2.416759] scsi 2:0:0:0: Direct-Access     VBOX     HARDDISK         1.0  PQ: 0 ANSI: 5
[    2.452080] scsi target2:0:0: Beginning Domain Validation
[    2.459951] scsi target2:0:0: Domain Validation skipping write tests
[    2.462268] scsi target2:0:0: Ending Domain Validation
[    2.464870] scsi target2:0:0: asynchronous
[    2.467955] scsi 2:0:1:0: Direct-Access     VBOX     HARDDISK         1.0  PQ: 0 ANSI: 5
[    2.784151] scsi target2:0:1: Beginning Domain Validation
[    2.787664] scsi target2:0:1: Domain Validation skipping write tests
[    2.788929] scsi target2:0:1: Ending Domain Validation
[    2.790170] scsi target2:0:1: asynchronous
[    2.797346] sd 2:0:0:0: [sda] 83886080 512-byte logical blocks: (42.9 GB/40.0 GiB)
[    2.799393] sd 2:0:0:0: Attached scsi generic sg0 type 0
[    2.800335] sd 2:0:0:0: [sda] Write Protect is off
[    2.801279] sd 2:0:0:0: [sda] Incomplete mode parameter data
[    2.802463] sd 2:0:0:0: [sda] Assuming drive cache: write through
[    2.805975] sd 2:0:1:0: Attached scsi generic sg1 type 0
[    2.807449] sd 2:0:1:0: [sdb] 20480 512-byte logical blocks: (10.5 MB/10.0 MiB)
[    2.807961]  sda: sda1
[    2.809597] sd 2:0:1:0: [sdb] Write Protect is off
[    2.811008] sd 2:0:1:0: [sdb] Incomplete mode parameter data
[    2.811520] sd 2:0:0:0: [sda] Attached SCSI disk
[    2.812205] sd 2:0:1:0: [sdb] Assuming drive cache: write through
[    2.817964] sd 2:0:1:0: [sdb] Attached SCSI disk
[    2.939426] e1000 0000:00:08.0 eth1: (PCI:33MHz:32-bit) 08:00:27:f9:34:a8
[    2.940996] e1000 0000:00:08.0 eth1: Intel(R) PRO/1000 Network Connection
[    2.943371] e1000 0000:00:08.0 enp0s8: renamed from eth1
[    3.118125] e1000 0000:00:03.0 enp0s3: renamed from eth0
Begin: Loading essential drivers ... [    4.714144] raid6: sse2x1   gen() 13719 MB/s
[    4.799006] raid6: sse2x1   xor() 11398 MB/s
[    4.862567] raid6: sse2x2   gen() 13365 MB/s
[    4.950343] raid6: sse2x2   xor() 13989 MB/s
[    5.026751] raid6: sse2x4   gen() 18609 MB/s
[    5.152738] raid6: sse2x4   xor() 12592 MB/s
[    5.153576] raid6: using algorithm sse2x4 gen() 18609 MB/s
[    5.154585] raid6: .... xor() 12592 MB/s, rmw enabled
[    5.155452] raid6: using ssse3x2 recovery algorithm
[    5.158020] xor: measuring software checksum speed
[    5.198094]    prefetch64-sse: 10429.000 MB/sec
[    5.236049]    generic_sse:  8731.000 MB/sec
[    5.236881] xor: using function: prefetch64-sse (10429.000 MB/sec)
[    5.239624] async_tx: api initialized (async)
done.
Begin: Running /scripts/init-premount ... done.
Begin: Mounting root file system ... Begin: Running /scripts/local-top ... done.
Begin: Running /scripts/local-premount ... [    5.296772] Btrfs loaded, crc32c=crc32c-intel
Scanning for Btrfs filesystems
done.
Warning: fsck not present, so skipping root file system
[    5.333556] EXT4-fs (sda1): mounted filesystem with ordered data mode. Opts: (null)
done.
Begin: Running /scripts/local-bottom ... done.
Begin: Running /scripts/init-bottom ... done.
[    5.580927] ip_tables: (C) 2000-2006 Netfilter Core Team
[    5.599009] systemd[1]: systemd 237 running in system mode. (+PAM +AUDIT +SELINUX +IMA +APPARMOR +SMACK +SYSVINIT +UTMP +LIBCRYPTSETUP +GCRYPT +GNUTLS +ACL +XZ +LZ4 +SECCOMP +BLKID +ELFUTILS +KMOD -IDN2 +IDN -PCRE2 default-hierarchy=hybrid)
[    5.602596] systemd[1]: Detected virtualization oracle.
[    5.603433] systemd[1]: Detected architecture x86-64.

Welcome to [1mUbuntu 18.04.6 LTS[0m!

[    5.608918] systemd[1]: Set hostname to <ubuntu>.
[    5.615949] random: systemd: uninitialized urandom read (16 bytes read)
[    5.617128] systemd[1]: Initializing machine ID from random generator.
[    5.618227] systemd[1]: Installed transient /etc/machine-id file.
[    6.005625] random: systemd: uninitialized urandom read (16 bytes read)
[    6.008220] systemd[1]: Set up automount Arbitrary Executable File Formats File System Automount Point.
[[0;32m  OK  [0m] Set up automount Arbitrary Executabâ€¦rmats File System Automount Point.
[    6.014011] random: systemd: uninitialized urandom read (16 bytes read)
[    6.016461] systemd[1]: Started Forward Password Requests to Wall Directory Watch.
[[0;32m  OK  [0m] Started Forward Password Requests to Wall Directory Watch.
[    6.023081] systemd[1]: Created slice System Slice.
[[0;32m  OK  [0m] Created slice System Slice.
[    6.025872] systemd[1]: Listening on Journal Audit Socket.
[[0;32m  OK  [0m] Listening on Journal Audit Socket.
[[0;32m  OK  [0m] Listening on Network Service Netlink Socket.
[[0;32m  OK  [0m] Listening on fsck to fsckd communication Socket.
[[0;32m  OK  [0m] Listening on udev Kernel Socket.
[[0;32m  OK  [0m] Created slice system-serial\x2dgetty.slice.
[[0;32m  OK  [0m] Listening on Journal Socket.
         Starting Create list of required stâ€¦ce nodes for the current kernel...
         Mounting Huge Pages File System...
         Starting Load Kernel Modules...
         Mounting POSIX Message Queue File System...
[[0;32m  OK  [0m] Listening on Device-mapper event daemon FIFOs.
[[0;32m  OK  [0m] Reached target User and Group Name Lookups.
         Starting Uncomplicated firewall...
         Mounting Kernel Debug F[    6.074616] Loading iSCSI transport class v2.0-870.
ile System...
[[0;32m  OK  [0m] Listening on Syslog Socket.
[[0;32m  OK  [0m] Listening on Journal Socket (/dev/log).
[[0;32m  OK  [0m] Listening on LVM2 poll daemon socket.
         Starting Journal Service...
         Starting File System Check on Root Device...
[    6.093822] iscsi: registered transport (tcp)
[[0;32m  OK  [0m] Reached target System Time Synchronized.
[[0;32m  OK  [0m] Listening on /dev/initctl Compatibility Named Pipe.
         Starting Set the console keyboard layout...
[[0;32m  OK  [0m] Listening on LVM2 metadata daemon socket.
         Starting Monitoring of LVM2 mirrorsâ€¦ng dmeventd or progress polling...
[[0;32m  OK  [0m] Reached target Swap.
[[0;32m  OK  [0m] Created slice User and Session Slice.
[[0;32m  OK  [0m] Reached target Slices.
[[0;32m  OK  [0m] Listening on udev Control Socket.
         Starting udev Coldplug all Devices...
[[0;32m  OK  [0m] Reached target Mounting snaps.
[[0;32m  OK  [0m] Reached target Mounted snaps.
[[0;32m  OK  [0m] Started Create list of required staâ€¦vice nodes for the current kernel.
[[0;32m  OK  [0m] Mounted Huge Pages File System.
[[0;32m  OK  [0m] Mounted POSIX Message Queue File System.
[[0;32m  OK  [0m] Started Uncomplicated firewall.
[[0;32m  OK  [0m] Mounted Kernel Debug File System.
[[0;32m  OK  [0m] Started LVM2 metadata daemon.
[[0;32m  OK  [0m] Started File System Check Daemon to report status.
         Starting Create Static Device Nodes in /dev...
[[0;32m  OK  [0m] Started Journal Service.
[[0;32m  OK  [0m] Started File System Check on Root Device.
         Starting Remount Root and Kernel File Systems...
[    6.292488] iscsi: registered transport (iser)
[[0;32m  OK  [0m] Started Load Kernel Modules.
         Starting Apply Kernel Variables...
         Mounting FUSE Control File System...
         Mounting Kernel Configuration File System...
[[0;32m  OK  [0m] Mounted FUSE Control File System.
[[0;32m  OK  [0m] Mounted Kernel Configuration File System.
[[0;32m  OK  [0m] Started Create Static Device Nodes in /dev.
[[0;32m  OK  [0m] Started udev Coldplug all Devices.
[[0;32m  OK  [0m] Started Monitoring of LVM2 mirrors,â€¦sing dmeventd or progress polling.
[[0;32m  OK  [0m] Started Remount Root and Kernel File Systems.
         Starting udev Kernel Device Manager...
         Starting Flush Journal to Persistent Storage...
         Starting Load/Save Random Seed...
[[0;32m  OK  [0m] Started Apply Kernel Variables.
[[0;32m  OK  [0m] Started udev Kernel Device Manager.
[[0;32m  OK  [0m] Started Load/Save Random Seed.
[[0;32m  OK  [0m] Started Flush Journal to Persistent Storage.
[[0;32m  OK  [0m] Found device /dev/ttyS0.
[[0;32m  OK  [0m] Listening on Load/Save RF Kill Switch Status /dev/rfkill Watch.
         Mounting Arbitrary Executable File Formats File System...
[[0;32m  OK  [0m] Mounted Arbitrary Executable File Formats File System.
[[0;32m  OK  [0m] Started Set the console keyboard layout.
[[0;32m  OK  [0m] Started Dispatch Password Requests to Console Directory Watch.
[[0;32m  OK  [0m] Reached target Local Encrypted Volumes.
[[0;32m  OK  [0m] Reached target Local File Systems (Pre).
[[0;32m  OK  [0m] Reached target Local File Systems.
         Starting Tell Plymouth To Write Out Runtime Data...
         Starting Create Volatile Files and Directories...
         Starting Set console font and keymap...
         Starting Commit a transient machine-id on disk...
         Starting AppArmor initialization...
         Starting ebtables ruleset management...
[[0;32m  OK  [0m] Started Tell Plymouth To Write Out Runtime Data.
[[0;32m  OK  [0m] Started Create Volatile Files and Directories.
         Starting Update UTMP about System Boot/Shutdown...
[[0;32m  OK  [0m] Started Update UTMP about System Boot/Shutdown.
[[0;32m  OK  [0m] Started Commit a transient machine-id on disk.
[[0;32m  OK  [0m] Started ebtables ruleset management.
[[0;32m  OK  [0m] Started AppArmor initialization.
         Starting Load AppArmor profiles managed internally by snapd...
         Starting Initial cloud-init job (pre-networking)...
[[0;32m  OK  [0m] Started Load AppArmor profiles managed internally by snapd.
[[0;32m  OK  [0m] Started Set console font and keymap.
[   10.682551] cloud-init[771]: Cloud-init v. 23.1.2-0ubuntu0~18.04.1 running 'init-local' at Tue, 05 Sep 2023 10:36:26 +0000. Up 10.20 seconds.
[[0;32m  OK  [0m] Started Initial cloud-init job (pre-networking).
[[0;32m  OK  [0m] Reached target Network (Pre).
         Starting Network Service...
[[0;32m  OK  [0m] Started Network Service.
         Starting Wait for Network to be Configured...
         Starting Network Name Resolution...
[[0;32m  OK  [0m] Started Network Name Resolution.
[[0;32m  OK  [0m] Reached target Network.
[[0;32m  OK  [0m] Reached target Host and Network Name Lookups.
[[0;32m  OK  [0m] Started Wait for Network to be Configured.
         Starting Initial cloud-init job (metadata service crawler)...
[   13.056654] cloud-init[945]: Cloud-init v. 23.1.2-0ubuntu0~18.04.1 running 'init' at Tue, 05 Sep 2023 10:36:29 +0000. Up 12.88 seconds.
[   13.058125] cloud-init[945]: ci-info: ++++++++++++++++++++++++++++++++++++++Net device info+++++++++++++++++++++++++++++++++++++++
[   13.059506] cloud-init[945]: ci-info: +--------+-------+----------------------------+---------------+--------+-------------------+
[   13.072235] cloud-init[945]: ci-info: | Device |   Up  |          Address           |      Mask     | Scope  |     Hw-Address    |
[   13.084218] cloud-init[945]: ci-info: +--------+-------+----------------------------+---------------+--------+-------------------+
[   13.085211] cloud-init[945]: ci-info: | enp0s3 |  True |         10.0.2.15          | 255.255.255.0 | global | 02:3b:7b:b7:3b:2d |
[   13.086416] cloud-init[945]: ci-info: | enp0s3 |  True | fe80::3b:7bff:feb7:3b2d/64 |       .       |  link  | 02:3b:7b:b7:3b:2d |
[   13.088044] cloud-init[945]: ci-info: | enp0s8 | False |             .              |       .       |   .    | 08:00:27:f9:34:a8 |
[   13.089617] cloud-init[945]: ci-info: |   lo   |  True |         127.0.0.1          |   255.0.0.0   |  host  |         .         |
[   13.091167] cloud-init[945]: ci-info: |   lo   |  True |          ::1/128           |       .       |  host  |         .         |
[   13.092366] cloud-init[945]: ci-info: +--------+-------+----------------------------+---------------+--------+-------------------+
[   13.094116] cloud-init[945]: ci-info: ++++++++++++++++++++++++++++Route IPv4 info+++++++++++++++++++++++++++++
[   13.095441] cloud-init[945]: ci-info: +-------+-------------+----------+-----------------+-----------+-------+
[   13.108191] cloud-init[945]: ci-info: | Route | Destination | Gateway  |     Genmask     | Interface | Flags |
[   13.109188] cloud-init[945]: ci-info: +-------+-------------+----------+-----------------+-----------+-------+
[   13.110232] cloud-init[945]: ci-info: |   0   |   0.0.0.0   | 10.0.2.2 |     0.0.0.0     |   enp0s3  |   UG  |
[   13.111668] cloud-init[945]: ci-info: |   1   |   10.0.2.0  | 0.0.0.0  |  255.255.255.0  |   enp0s3  |   U   |
[   13.114162] cloud-init[945]: ci-info: |   2   |   10.0.2.2  | 0.0.0.0  | 255.255.255.255 |   enp0s3  |   UH  |
[   13.115140] cloud-init[945]: ci-info: +-------+-------------+----------+-----------------+-----------+-------+
[   13.116144] cloud-init[945]: ci-info: +++++++++++++++++++Route IPv6 info+++++++++++++++++++
[   13.128764] cloud-init[945]: ci-info: +-------+-------------+---------+-----------+-------+
[   13.129880] cloud-init[945]: ci-info: | Route | Destination | Gateway | Interface | Flags |
[   13.140167] cloud-init[945]: ci-info: +-------+-------------+---------+-----------+-------+
[   13.141203] cloud-init[945]: ci-info: |   1   |  fe80::/64  |    ::   |   enp0s3  |   U   |
[   13.152396] cloud-init[945]: ci-info: |   3   |    local    |    ::   |   enp0s3  |   U   |
[   13.153692] cloud-init[945]: ci-info: |   4   |   ff00::/8  |    ::   |   enp0s3  |   U   |
[   13.154533] cloud-init[945]: ci-info: +-------+-------------+---------+-----------+-------+
[   14.047166] cloud-init[945]: Generating public/private rsa key pair.
[   14.047819] cloud-init[945]: Your identification has been saved in /etc/ssh/ssh_host_rsa_key.
[   14.048565] cloud-init[945]: Your public key has been saved in /etc/ssh/ssh_host_rsa_key.pub.
[   14.049360] cloud-init[945]: The key fingerprint is:
[   14.050489] cloud-init[945]: SHA256:YZLxdJsdmBraQMQDWku+wvwAxO1FApLjgqNbiqzFgJk root@ubuntu-bionic
[   14.052364] cloud-init[945]: The key's randomart image is:
[   14.053608] cloud-init[945]: +---[RSA 2048]----+
[   14.062738] cloud-init[945]: |o+o.=*+ . .o.    |
[   14.063317] cloud-init[945]: |=. *.o+=..o+ .   |
[   14.063962] cloud-init[945]: |+.o + o=+oo .    |
[   14.064990] cloud-init[945]: |=B . ..oo.       |
[   14.065979] cloud-init[945]: |E.= .   S        |
[   14.066974] cloud-init[945]: |.o.+             |
[   14.067955] cloud-init[945]: |o+o .            |
[   14.084620] cloud-init[945]: |+o               |
[   14.085058] cloud-init[945]: |o                |
[   14.085646] cloud-init[945]: +----[SHA256]-----+
[   14.086187] cloud-init[945]: Generating public/private dsa key pair.
[   14.086838] cloud-init[945]: Your identification has been saved in /etc/ssh/ssh_host_dsa_key.
[   14.087895] cloud-init[945]: Your public key has been saved in /etc/ssh/ssh_host_dsa_key.pub.
[   14.088695] cloud-init[945]: The key fingerprint is:
[   14.089237] cloud-init[945]: SHA256:Uye6Dzc6ZGu8CenE2zardvJ/RWhP9oq55v/50OPIrmA root@ubuntu-bionic
[   14.090592] cloud-init[945]: The key's randomart image is:
[   14.091510] cloud-init[945]: +---[DSA 1024]----+
[   14.092230] cloud-init[945]: |                 |
[   14.093064] cloud-init[945]: |                 |
[   14.103960] cloud-init[945]: |          o ..   |
[   14.132128] cloud-init[945]: |         o oo +  |
[[0;32m  OK  [0m] Started Initial cloud-init job (metadata service crawler).
[   14.132266] cloud-init[945]: |        S  . = . |
[   14.133639] cloud-init[945]: |     . .oo    o..|
[   14.134270] cloud-init[945]: |      =+oEo  +.o.|
[   14.134362] cloud-init[945]: |     oo+X*..* +.o|
[   14.134672] cloud-init[945]: |     .+BB*o==*.++|
[   14.135531] cloud-init[945]: +----[SHA256]-----+
[   14.135816] cloud-init[945]: Generating public/private ecdsa key pair.
[   14.136314] cloud-init[945]: Your identification has been saved in /etc/ssh/ssh_host_ecdsa_key.
[   14.137333] cloud-init[945]: Your public key has been saved in /etc/ssh/ssh_host_ecdsa_key.pub.
[   14.138550] cloud-init[945]: The key fingerprint is:
[   14.139032] cloud-init[945]: SHA256:kOsh7wV5HpdMVAAtgX1Fy93LxqwSePS4PXorq0JZ92c root@ubuntu-bionic
[   14.139740] cloud-init[945]: The key's randomart image is:
[   14.140398] cloud-init[945]: +---[ECDSA 256]---+
[   14.140999] cloud-init[945]: |       oo+o=+    |
[   14.141736] cloud-init[945]: |      ..o.o. o . |
[   14.142276] cloud-init[945]: |      o  o..o . .|
[   14.142767] cloud-init[945]: |       + +ooo + .|
[   14.143189] cloud-init[945]: |    . = S.=+.. * |
[   14.143470] cloud-init[945]: |     + B o. +.oE |
[[0;32m  OK  [0m] Reached target Network is Online.
[   14.143997] cloud-init[945]: |      + o  o +o  |
[   14.145776] cloud-init[945]: |     . o   .o..  |
[   14.146483] cloud-init[945]: |      . ...o+..  |
[   14.147083] cloud-init[945]: +----[SHA256]-----+
[   14.147773] cloud-init[945]: Generating public/private ed25519 key pair.
[   14.148600] cloud-init[945]: Your identification has been saved in /etc/ssh/ssh_host_ed25519_key.
[   14.149704] cloud-init[945]: Your public key has been saved in /etc/ssh/ssh_host_ed25519_key.pub.
[   14.150810] cloud-init[945]: The key fingerprint is:
[   14.151525] cloud-init[945]: SHA256:/9uErkFwcIeISvcuu0hczqc1V4s9QtvXplDVNIX1vBw root@ubuntu-bionic
         Starting Availability of block devices...
[   14.160306] cloud-init[945]: The key's randomart image is:
[[0;32m  OK  [0m] Reached target Remote File Systems (Pre).
[   14.161078] cloud-init[945]: +--[ED25519 256]--+
[[0;32m  OK  [0m[   14.162419] cloud-init[945]: |       ......  +=|
[   14.162695] cloud-init[945]: |    . o .o..  .o+|
[   14.163512] cloud-init[945]: |   . o .. .    E=|
[   14.164016] cloud-init[945]: |    .   .o    ..o|
[   14.164616] cloud-init[945]: |      ..S o . .o |
[   14.165254] cloud-init[945]: |   . +. .+ * + . |
[   14.165826] cloud-init[945]: |    o oo+ B B o o|
[   14.166072] cloud-init[945]: |   . ..+ o = * o |
[   14.166715] cloud-init[945]: |    . o.  ..+.o  |
[   14.167416] cloud-init[945]: +----[SHA256]-----+
] Reached target Remote File Systems.
[[0;32m  OK  [0m] Reached target System Initialization.
[[0;32m  OK  [0m] Listening on D-Bus System Message Bus Socket.
[[0;32m  OK  [0m] Listening on Open-iSCSI iscsid Socket.
[[0;32m  OK  [0m] Started Message of the Day.
[[0;32m  OK  [0m] Listening on cloud-init hotplug hook socket.
[[0;32m  OK  [0m] Listening on UUID daemon activation socket.
[[0;32m  OK  [0m] Listening on ACPID Listen Socket.
[[0;32m  OK  [0m] Started Ubuntu Advantage Timer for running repeated jobs.
[[0;32m  OK  [0m] Started Discard unused blocks once a week.
[[0;32m  OK  [0m] Started Daily apt download activities.
[[0;32m  OK  [0m] Started Daily apt upgrade and clean activities.
[[0;32m  OK  [0m] Started ACPI Events Check.
[[0;32m  OK  [0m] Reached target Paths.
         Starting Socket activation for snappy daemon.
         Starting LXD - unix socket.
[[0;32m  OK  [0m] Started Daily Cleanup of Temporary Directories.
[[0;32m  OK  [0m] Reached target Timers.
[[0;32m  OK  [0m] Reached target Cloud-config availability.
[[0;32m  OK  [0m] Started Availability of block devices.
[[0;32m  OK  [0m] Listening on Socket activation for snappy daemon.
[[0;32m  OK  [0m] Listening on LXD - unix socket.
[[0;32m  OK  [0m] Reached target Sockets.
[[0;32m  OK  [0m] Reached target Basic System.
[[0;32m  OK  [0m] Started Deferred execution scheduler.
         Starting Permit User Sessions...
[[0;32m  OK  [0m] Started Regular background program processing daemon.
         Starting Pollinate to seed the pseudo random number generator...
         Starting LSB: automatic crash report generation...
[[0;32m  OK  [0m] Started FUSE filesystem for LXC.
[[0;32m  OK  [0m] Started irqbalance daemon.
         Starting System Logging Service...
         Starting Accounts Service...
         Starting Virtualbox guest utils...
         Starting Dispatcher daemon for systemd-networkd...
[[0;32m  OK  [0m] Reached target Login Prompts (Pre).
[[0;32m  OK  [0m] Started D-Bus System Message Bus.
         Starting Login Service...
         Starting LXD - container startup/shutdown...
         Starting LSB: Record successful boot for GRUB...
         Starting Snap Daemon...
[[0;32m  OK  [0m] Started System Logging Service.
[[0;32m  OK  [0m] Started Permit User Sessions.
[[0;32m  OK  [0m] Started Login Service.
[[0;32m  OK  [0m] Started Unattended Upgrades Shutdown.
         Starting Authorization Manager...
         Starting Terminate Plymouth Boot Screen...
         Starting Hold until boot process finishes up...
[[0;32m  OK  [0m] Started Hold until boot process finishes up.
[[0;32m  OK  [0m] Started Serial Getty on ttyS0.
         Starting Set console scheme...
[[0;32m  OK  [0m] Started LSB: automatic crash report generation.
[[0;32m  OK  [0m] Started Terminate Plymouth Boot Screen.
[[0;32m  OK  [0m] Started Set console scheme.
[[0;32m  OK  [0m] Created slice system-getty.slice.
[[0;32m  OK  [0m] Started Getty on tty1.
[[0;32m  OK  [0m] Reached target Login Prompts.
[[0;32m  OK  [0m] Started Authorization Manager.
[[0;32m  OK  [0m] Started Accounts Service.
[[0;32m  OK  [0m] Started LSB: Record successful boot for GRUB.
[[0;32m  OK  [0m] Started Dispatcher daemon for systemd-networkd.
[[0;32m  OK  [0m] Started LXD - container startup/shutdown.
[[0;32m  OK  [0m] Started Virtualbox guest utils.
[[0;32m  OK  [0m] Started Snap Daemon.
         Starting Wait until snapd is fully seeded...
[[0;32m  OK  [0m] Started Pollinate to seed the pseudo random number generator.
         Starting OpenBSD Secure Shell server...
[[0;32m  OK  [0m] Started OpenBSD Secure Shell server.
[[0;32m  OK  [0m] Created slice User Slice of vagrant.
         Starting User Manager for UID 1000...
[[0;32m  OK  [0m] Started Session 1 of user vagrant.
[[0;32m  OK  [0m] Started User Manager for UID 1000.
         Starting Time & Date Service...
[[0;32m  OK  [0m] Started Time & Date Service.
[[0;32m  OK  [0m] Started Wait until snapd is fully seeded.
         Starting Apply the settings specified in cloud-config...
[   19.196205] cloud-init[1632]: Cloud-init v. 23.1.2-0ubuntu0~18.04.1 running 'modules:config' at Tue, 05 Sep 2023 10:36:35 +0000. Up 18.62 seconds.
[[0;32m  OK  [0m] Started Apply the settings specified in cloud-config.
[[0;32m  OK  [0m] Reached target Multi-User System.
         Starting Execute cloud user/final scripts...
[[0;32m  OK  [0m] Reached target Graphical Interface.
         Starting Update UTMP about System Runlevel Changes...
[[0;32m  OK  [0m] Started Update UTMP about System Runlevel Changes.
ci-info: no authorized SSH keys fingerprints found for user ubuntu.
<14>Sep  5 10:36:36 cloud-init: #############################################################
<14>Sep  5 10:36:36 cloud-init: -----BEGIN SSH HOST KEY FINGERPRINTS-----
<14>Sep  5 10:36:36 cloud-init: 1024 SHA256:Uye6Dzc6ZGu8CenE2zardvJ/RWhP9oq55v/50OPIrmA root@ubuntu-bionic (DSA)
<14>Sep  5 10:36:36 cloud-init: 256 SHA256:kOsh7wV5HpdMVAAtgX1Fy93LxqwSePS4PXorq0JZ92c root@ubuntu-bionic (ECDSA)
<14>Sep  5 10:36:36 cloud-init: 256 SHA256:/9uErkFwcIeISvcuu0hczqc1V4s9QtvXplDVNIX1vBw root@ubuntu-bionic (ED25519)
<14>Sep  5 10:36:36 cloud-init: 2048 SHA256:YZLxdJsdmBraQMQDWku+wvwAxO1FApLjgqNbiqzFgJk root@ubuntu-bionic (RSA)
<14>Sep  5 10:36:36 cloud-init: -----END SSH HOST KEY FINGERPRINTS-----
<14>Sep  5 10:36:36 cloud-init: #############################################################
-----BEGIN SSH HOST KEY KEYS-----
ecdsa-sha2-nistp256 AAAAE2VjZHNhLXNoYTItbmlzdHAyNTYAAAAIbmlzdHAyNTYAAABBBLWGJHe/6aAOVvXyt08+f8ewIM2GxvglZOryiR2jYMAQ0Qv4Socakn+9Az2QynpvxqBz9BlvV+OVV8+XfLiVvwc= root@ubuntu-bionic
ssh-ed25519 AAAAC3NzaC1lZDI1NTE5AAAAIL1vLcYNlG79TFvwPLZIWXui74znyA+nX2Zwc8jLDobl root@ubuntu-bionic
ssh-rsa AAAAB3NzaC1yc2EAAAADAQABAAABAQDTx4rVkg0adJGV22c2tN509S1EqrngKYqvU+SxKtrgFTMv/uu9raUdNGwaJk00/6I0Broktd2AY7Su/WIfxQcRfLeKpfeM2IKQeEUsF4VAEJcWNgo25oRArzoMlw3pkKI7nGDhpHaPx36y87sSn/HfR1dqAm1f/rS3cK2v4FEvt4c+Lgc+tOON1imH1DBMpl8nNJCL7b5+ffMnt/v+u6SM7kXkbPhghieKNL84ANMRlS0CcxKPdIa732XMZynXrTAPKZtn8s4kSKyzG7lBwtgfnjK1Ph/QGa+oHPoq9XZ0O36+dwSU/OxwiGPKMRB6JWBFQT/uJlOkrSIXl41kBlB5 root@ubuntu-bionic
-----END SSH HOST KEY KEYS-----
[   20.041457] cloud-init[1729]: Cloud-init v. 23.1.2-0ubuntu0~18.04.1 running 'modules:final' at Tue, 05 Sep 2023 10:36:36 +0000. Up 19.82 seconds.
[   20.041598] cloud-init[1729]: Cloud-init v. 23.1.2-0ubuntu0~18.04.1 finished at Tue, 05 Sep 2023 10:36:36 +0000. Datasource DataSourceNoCloud [seed=/dev/sdb][dsmode=net].  Up 20.03 seconds

Ubuntu 18.04.6 LTS ubuntu-bionic ttyS0

ubuntu-bionic login: 